aaaaaaaaa
abbbbbbba
abcccccba
abcdddcba
abcdedcba
abcdddcba
abcccccba
abbbbbbba
aaaaaaaaa